
> ijitest@0.1.0 build D:\mohan\IJITEST
> next build

⚠ turbopack.root should be absolute, using: D:\mohan\IJITEST
▲ Next.js 16.2.1 (Turbopack)
- Environments: .env
- Experiments (use with caution):
  · serverActions

  Creating an optimized production build ...

> Build error occurred
Error: Turbopack build failed with 15 errors:
./src/components/ui/alert-dialog.tsx:4:1
Module not found: Can't resolve 'radix-ui'
  [90m2 |[0m
  [90m3 |[0m [36mimport[0m * [36mas[0m [33mReact[0m [36mfrom[0m [32m"react"[0m
[31m[1m>[0m [90m4 |[0m [36mimport[0m { [33mAlertDialog[0m [36mas[0m [33mAlertDialogPrimitive[0m } [36mfrom[0m [32m"radix-ui"[0m
  [90m  |[0m [31m[1m^^^^^^^^^^^^^^^^^^^^^^^^^^^^^^^^^^^^^^^^^^^^^^^^^^^^^^^^^^^^^^[0m
  [90m5 |[0m
  [90m6 |[0m [36mimport[0m { cn } [36mfrom[0m [32m"@/lib/utils"[0m
  [90m7 |[0m [36mimport[0m { [33mButton[0m } [36mfrom[0m [32m"@/components/ui/button"[0m



Import traces:
  Server Component:
    ./src/components/ui/alert-dialog.tsx
    ./src/lib/ilovepdf.ts
    ./src/actions/reviews.ts

  Client Component Browser:
    ./src/components/ui/alert-dialog.tsx [Client Component Browser]
    ./src/features/submissions/components/DeleteSubmissionButton.tsx [Client Component Browser]
    ./src/features/submissions/components/DeleteSubmissionButton.tsx [Server Component]
    ./src/app/(panel)/admin/submissions/[id]/page.tsx [Server Component]

  Client Component SSR:
    ./src/components/ui/alert-dialog.tsx [Client Component SSR]
    ./src/features/submissions/components/DeleteSubmissionButton.tsx [Client Component SSR]
    ./src/features/submissions/components/DeleteSubmissionButton.tsx [Server Component]
    ./src/app/(panel)/admin/submissions/[id]/page.tsx [Server Component]

https://nextjs.org/docs/messages/module-not-found


./src/components/ui/avatar.tsx:4:1
Module not found: Can't resolve 'radix-ui'
  [90m2 |[0m
  [90m3 |[0m [36mimport[0m * [36mas[0m [33mReact[0m [36mfrom[0m [32m"react"[0m
[31m[1m>[0m [90m4 |[0m [36mimport[0m { [33mAvatar[0m [36mas[0m [33mAvatarPrimitive[0m } [36mfrom[0m [32m"radix-ui"[0m
  [90m  |[0m [31m[1m^^^^^^^^^^^^^^^^^^^^^^^^^^^^^^^^^^^^^^^^^^^^^^^^^^^^[0m
  [90m5 |[0m
  [90m6 |[0m [36mimport[0m { cn } [36mfrom[0m [32m"@/lib/utils"[0m
  [90m7 |[0m



Import traces:
  Client Component Browser:
    ./src/components/ui/avatar.tsx [Client Component Browser]
    ./src/app/(panel)/_components/UserNav.tsx [Client Component Browser]
    ./src/app/(panel)/_components/PanelHeader.tsx [Client Component Browser]
    ./src/app/(panel)/layout.tsx [Client Component Browser]
    ./src/app/(panel)/layout.tsx [Server Component]

  Client Component SSR:
    ./src/components/ui/avatar.tsx [Client Component SSR]
    ./src/app/(panel)/_components/UserNav.tsx [Client Component SSR]
    ./src/app/(panel)/_components/PanelHeader.tsx [Client Component SSR]
    ./src/app/(panel)/layout.tsx [Client Component SSR]
    ./src/app/(panel)/layout.tsx [Server Component]

https://nextjs.org/docs/messages/module-not-found


./src/components/ui/badge.tsx:3:1
Module not found: Can't resolve 'radix-ui'
  [90m1 |[0m [36mimport[0m * [36mas[0m [33mReact[0m [36mfrom[0m [32m"react"[0m
  [90m2 |[0m [36mimport[0m { cva, [36mtype[0m [33mVariantProps[0m } [36mfrom[0m [32m"class-variance-authority"[0m
[31m[1m>[0m [90m3 |[0m [36mimport[0m { [33mSlot[0m } [36mfrom[0m [32m"radix-ui"[0m
  [90m  |[0m [31m[1m^^^^^^^^^^^^^^^^^^^^^^^^^^^^^^^[0m
  [90m4 |[0m
  [90m5 |[0m [36mimport[0m { cn } [36mfrom[0m [32m"@/lib/utils"[0m
  [90m6 |[0m



Import traces:
  Server Component:
    ./src/components/ui/badge.tsx
    ./src/app/(panel)/reviewer/submissions/[id]/page.tsx

  Client Component Browser:
    ./src/components/ui/badge.tsx [Client Component Browser]
    ./src/app/(panel)/editor/publications/page.tsx [Client Component Browser]
    ./src/app/(panel)/editor/publications/page.tsx [Server Component]

  Client Component SSR:
    ./src/components/ui/badge.tsx [Client Component SSR]
    ./src/app/(panel)/editor/publications/page.tsx [Client Component SSR]
    ./src/app/(panel)/editor/publications/page.tsx [Server Component]

https://nextjs.org/docs/messages/module-not-found


./src/components/ui/button.tsx:3:1
Module not found: Can't resolve 'radix-ui'
  [90m1 |[0m [36mimport[0m * [36mas[0m [33mReact[0m [36mfrom[0m [32m"react"[0m
  [90m2 |[0m [36mimport[0m { cva, [36mtype[0m [33mVariantProps[0m } [36mfrom[0m [32m"class-variance-authority"[0m
[31m[1m>[0m [90m3 |[0m [36mimport[0m { [33mSlot[0m } [36mfrom[0m [32m"radix-ui"[0m
  [90m  |[0m [31m[1m^^^^^^^^^^^^^^^^^^^^^^^^^^^^^^^[0m
  [90m4 |[0m
  [90m5 |[0m [36mimport[0m { cn } [36mfrom[0m [32m"@/lib/utils"[0m
  [90m6 |[0m



Import traces:
  Server Component:
    ./src/components/ui/button.tsx
    ./src/app/(panel)/editor/submissions/[id]/page.tsx

  Client Component Browser:
    ./src/components/ui/button.tsx [Client Component Browser]
    ./src/components/common/ScrollToTop.tsx [Client Component Browser]
    ./src/components/common/ScrollToTop.tsx [Server Component]
    ./src/app/layout.tsx [Server Component]

  Client Component SSR:
    ./src/components/ui/button.tsx [Client Component SSR]
    ./src/components/common/ScrollToTop.tsx [Client Component SSR]
    ./src/components/common/ScrollToTop.tsx [Server Component]
    ./src/app/layout.tsx [Server Component]

https://nextjs.org/docs/messages/module-not-found


./src/components/ui/dialog.tsx:5:1
Module not found: Can't resolve 'radix-ui'
  [90m3 |[0m [36mimport[0m * [36mas[0m [33mReact[0m [36mfrom[0m [32m"react"[0m
  [90m4 |[0m [36mimport[0m { [33mXIcon[0m } [36mfrom[0m [32m"lucide-react"[0m
[31m[1m>[0m [90m5 |[0m [36mimport[0m { [33mDialog[0m [36mas[0m [33mDialogPrimitive[0m } [36mfrom[0m [32m"radix-ui"[0m
  [90m  |[0m [31m[1m^^^^^^^^^^^^^^^^^^^^^^^^^^^^^^^^^^^^^^^^^^^^^^^^^^^^[0m
  [90m6 |[0m
  [90m7 |[0m [36mimport[0m { cn } [36mfrom[0m [32m"@/lib/utils"[0m
  [90m8 |[0m [36mimport[0m { [33mButton[0m } [36mfrom[0m [32m"@/components/ui/button"[0m



Import traces:
  Client Component Browser:
    ./src/components/ui/dialog.tsx [Client Component Browser]
    ./src/app/(panel)/editor/publications/page.tsx [Client Component Browser]
    ./src/app/(panel)/editor/publications/page.tsx [Server Component]

  Client Component SSR:
    ./src/components/ui/dialog.tsx [Client Component SSR]
    ./src/app/(panel)/editor/publications/page.tsx [Client Component SSR]
    ./src/app/(panel)/editor/publications/page.tsx [Server Component]

https://nextjs.org/docs/messages/module-not-found


./src/components/ui/dropdown-menu.tsx:5:1
Module not found: Can't resolve 'radix-ui'
  [90m3 |[0m [36mimport[0m * [36mas[0m [33mReact[0m [36mfrom[0m [32m"react"[0m
  [90m4 |[0m [36mimport[0m { [33mCheckIcon[0m, [33mChevronRightIcon[0m, [33mCircleIcon[0m } [36mfrom[0m [32m"lucide-react"[0m
[31m[1m>[0m [90m5 |[0m [36mimport[0m { [33mDropdownMenu[0m [36mas[0m [33mDropdownMenuPrimitive[0m } [36mfrom[0m [32m"radix-ui"[0m
  [90m  |[0m [31m[1m^^^^^^^^^^^^^^^^^^^^^^^^^^^^^^^^^^^^^^^^^^^^^^^^^^^^^^^^^^^^^^^^[0m
  [90m6 |[0m
  [90m7 |[0m [36mimport[0m { cn } [36mfrom[0m [32m"@/lib/utils"[0m
  [90m8 |[0m



Import traces:
  Server Component:
    ./src/components/ui/dropdown-menu.tsx
    ./src/lib/ilovepdf.ts
    ./src/actions/reviews.ts

  Client Component Browser:
    ./src/components/ui/dropdown-menu.tsx [Client Component Browser]
    ./src/app/(panel)/_components/UserNav.tsx [Client Component Browser]
    ./src/app/(panel)/_components/PanelHeader.tsx [Client Component Browser]
    ./src/app/(panel)/layout.tsx [Client Component Browser]
    ./src/app/(panel)/layout.tsx [Server Component]

  Client Component SSR:
    ./src/components/ui/dropdown-menu.tsx [Client Component SSR]
    ./src/app/(panel)/_components/UserNav.tsx [Client Component SSR]
    ./src/app/(panel)/_components/PanelHeader.tsx [Client Component SSR]
    ./src/app/(panel)/layout.tsx [Client Component SSR]
    ./src/app/(panel)/layout.tsx [Server Component]

https://nextjs.org/docs/messages/module-not-found


./src/components/ui/form.tsx:5:1
Module not found: Can't resolve 'radix-ui'
  [90m3 |[0m [36mimport[0m * [36mas[0m [33mReact[0m [36mfrom[0m [32m"react"[0m
  [90m4 |[0m [36mimport[0m [36mtype[0m { [33mLabel[0m [36mas[0m [33mLabelPrimitive[0m } [36mfrom[0m [32m"radix-ui"[0m
[31m[1m>[0m [90m5 |[0m [36mimport[0m { [33mSlot[0m } [36mfrom[0m [32m"radix-ui"[0m
  [90m  |[0m [31m[1m^^^^^^^^^^^^^^^^^^^^^^^^^^^^^^^[0m
  [90m6 |[0m [36mimport[0m {
  [90m7 |[0m   [33mController[0m,
  [90m8 |[0m   [33mFormProvider[0m,



Import traces:
  Client Component Browser:
    ./src/components/ui/form.tsx [Client Component Browser]
    ./src/features/submissions/components/SubmissionForm.tsx [Client Component Browser]
    ./src/features/shared/components/SubmitClient.tsx [Client Component Browser]
    ./src/features/shared/components/SubmitClient.tsx [Server Component]
    ./src/app/(main)/submit/page.tsx [Server Component]

  Client Component SSR:
    ./src/components/ui/form.tsx [Client Component SSR]
    ./src/features/submissions/components/SubmissionForm.tsx [Client Component SSR]
    ./src/features/shared/components/SubmitClient.tsx [Client Component SSR]
    ./src/features/shared/components/SubmitClient.tsx [Server Component]
    ./src/app/(main)/submit/page.tsx [Server Component]

https://nextjs.org/docs/messages/module-not-found


./src/components/ui/label.tsx:4:1
Module not found: Can't resolve 'radix-ui'
  [90m2 |[0m
  [90m3 |[0m [36mimport[0m * [36mas[0m [33mReact[0m [36mfrom[0m [32m"react"[0m
[31m[1m>[0m [90m4 |[0m [36mimport[0m { [33mLabel[0m [36mas[0m [33mLabelPrimitive[0m } [36mfrom[0m [32m"radix-ui"[0m
  [90m  |[0m [31m[1m^^^^^^^^^^^^^^^^^^^^^^^^^^^^^^^^^^^^^^^^^^^^^^^^^^[0m
  [90m5 |[0m
  [90m6 |[0m [36mimport[0m { cn } [36mfrom[0m [32m"@/lib/utils"[0m
  [90m7 |[0m



Import traces:
  Client Component Browser:
    ./src/components/ui/label.tsx [Client Component Browser]
    ./src/app/(panel)/admin/payments/page.tsx [Client Component Browser]
    ./src/app/(panel)/admin/payments/page.tsx [Server Component]

  Client Component SSR:
    ./src/components/ui/label.tsx [Client Component SSR]
    ./src/app/(panel)/admin/payments/page.tsx [Client Component SSR]
    ./src/app/(panel)/admin/payments/page.tsx [Server Component]

https://nextjs.org/docs/messages/module-not-found


./src/components/ui/scroll-area.tsx:4:1
Module not found: Can't resolve 'radix-ui'
  [90m2 |[0m
  [90m3 |[0m [36mimport[0m * [36mas[0m [33mReact[0m [36mfrom[0m [32m"react"[0m
[31m[1m>[0m [90m4 |[0m [36mimport[0m { [33mScrollArea[0m [36mas[0m [33mScrollAreaPrimitive[0m } [36mfrom[0m [32m"radix-ui"[0m
  [90m  |[0m [31m[1m^^^^^^^^^^^^^^^^^^^^^^^^^^^^^^^^^^^^^^^^^^^^^^^^^^^^^^^^^^^^[0m
  [90m5 |[0m
  [90m6 |[0m [36mimport[0m { cn } [36mfrom[0m [32m"@/lib/utils"[0m
  [90m7 |[0m



Import traces:
  Server Component:
    ./src/components/ui/scroll-area.tsx
    ./src/lib/ilovepdf.ts
    ./src/actions/reviews.ts

  Client Component Browser:
    ./src/components/ui/scroll-area.tsx [Client Component Browser]
    ./src/app/(panel)/editor/messages/page.tsx [Client Component Browser]
    ./src/app/(panel)/editor/messages/page.tsx [Server Component]

  Client Component SSR:
    ./src/components/ui/scroll-area.tsx [Client Component SSR]
    ./src/app/(panel)/editor/messages/page.tsx [Client Component SSR]
    ./src/app/(panel)/editor/messages/page.tsx [Server Component]

https://nextjs.org/docs/messages/module-not-found


./src/components/ui/select.tsx:5:1
Module not found: Can't resolve 'radix-ui'
  [90m3 |[0m [36mimport[0m * [36mas[0m [33mReact[0m [36mfrom[0m [32m"react"[0m
  [90m4 |[0m [36mimport[0m { [33mCheckIcon[0m, [33mChevronDownIcon[0m, [33mChevronUpIcon[0m } [36mfrom[0m [32m"lucide-react"[0m
[31m[1m>[0m [90m5 |[0m [36mimport[0m { [33mSelect[0m [36mas[0m [33mSelectPrimitive[0m } [36mfrom[0m [32m"radix-ui"[0m
  [90m  |[0m [31m[1m^^^^^^^^^^^^^^^^^^^^^^^^^^^^^^^^^^^^^^^^^^^^^^^^^^^^[0m
  [90m6 |[0m
  [90m7 |[0m [36mimport[0m { cn } [36mfrom[0m [32m"@/lib/utils"[0m
  [90m8 |[0m



Import traces:
  Client Component Browser:
    ./src/components/ui/select.tsx [Client Component Browser]
    ./src/app/(panel)/admin/payments/page.tsx [Client Component Browser]
    ./src/app/(panel)/admin/payments/page.tsx [Server Component]

  Client Component SSR:
    ./src/components/ui/select.tsx [Client Component SSR]
    ./src/app/(panel)/admin/payments/page.tsx [Client Component SSR]
    ./src/app/(panel)/admin/payments/page.tsx [Server Component]

https://nextjs.org/docs/messages/module-not-found


./src/components/ui/separator.tsx:4:1
Module not found: Can't resolve 'radix-ui'
  [90m2 |[0m
  [90m3 |[0m [36mimport[0m * [36mas[0m [33mReact[0m [36mfrom[0m [32m"react"[0m
[31m[1m>[0m [90m4 |[0m [36mimport[0m { [33mSeparator[0m [36mas[0m [33mSeparatorPrimitive[0m } [36mfrom[0m [32m"radix-ui"[0m
  [90m  |[0m [31m[1m^^^^^^^^^^^^^^^^^^^^^^^^^^^^^^^^^^^^^^^^^^^^^^^^^^^^^^^^^^[0m
  [90m5 |[0m
  [90m6 |[0m [36mimport[0m { cn } [36mfrom[0m [32m"@/lib/utils"[0m
  [90m7 |[0m



Import traces:
  Server Component:
    ./src/components/ui/separator.tsx
    ./src/app/(panel)/reviewer/submissions/[id]/page.tsx

  Client Component Browser:
    ./src/components/ui/separator.tsx [Client Component Browser]
    ./src/app/(panel)/admin/users/page.tsx [Client Component Browser]
    ./src/app/(panel)/admin/users/page.tsx [Server Component]

  Client Component SSR:
    ./src/components/ui/separator.tsx [Client Component SSR]
    ./src/app/(panel)/admin/users/page.tsx [Client Component SSR]
    ./src/app/(panel)/admin/users/page.tsx [Server Component]

https://nextjs.org/docs/messages/module-not-found


./src/components/ui/sheet.tsx:5:1
Module not found: Can't resolve 'radix-ui'
  [90m3 |[0m [36mimport[0m * [36mas[0m [33mReact[0m [36mfrom[0m [32m"react"[0m
  [90m4 |[0m [36mimport[0m { [33mXIcon[0m } [36mfrom[0m [32m"lucide-react"[0m
[31m[1m>[0m [90m5 |[0m [36mimport[0m { [33mDialog[0m [36mas[0m [33mSheetPrimitive[0m } [36mfrom[0m [32m"radix-ui"[0m
  [90m  |[0m [31m[1m^^^^^^^^^^^^^^^^^^^^^^^^^^^^^^^^^^^^^^^^^^^^^^^^^^^[0m
  [90m6 |[0m
  [90m7 |[0m [36mimport[0m { cn } [36mfrom[0m [32m"@/lib/utils"[0m
  [90m8 |[0m



Import traces:
  Client Component Browser:
    ./src/components/ui/sheet.tsx [Client Component Browser]
    ./src/components/ui/sidebar.tsx [Client Component Browser]
    ./src/app/(panel)/layout.tsx [Client Component Browser]
    ./src/app/(panel)/layout.tsx [Server Component]

  Client Component SSR:
    ./src/components/ui/sheet.tsx [Client Component SSR]
    ./src/components/ui/sidebar.tsx [Client Component SSR]
    ./src/app/(panel)/layout.tsx [Client Component SSR]
    ./src/app/(panel)/layout.tsx [Server Component]

https://nextjs.org/docs/messages/module-not-found


./src/components/ui/sidebar.tsx:6:1
Module not found: Can't resolve 'radix-ui'
  [90m4 |[0m [36mimport[0m { cva, [36mtype[0m [33mVariantProps[0m } [36mfrom[0m [32m"class-variance-authority"[0m
  [90m5 |[0m [36mimport[0m { [33mPanelLeftIcon[0m } [36mfrom[0m [32m"lucide-react"[0m
[31m[1m>[0m [90m6 |[0m [36mimport[0m { [33mSlot[0m } [36mfrom[0m [32m"radix-ui"[0m
  [90m  |[0m [31m[1m^^^^^^^^^^^^^^^^^^^^^^^^^^^^^^^[0m
  [90m7 |[0m
  [90m8 |[0m [36mimport[0m { useIsMobile } [36mfrom[0m [32m"@/hooks/use-mobile"[0m
  [90m9 |[0m [36mimport[0m { cn } [36mfrom[0m [32m"@/lib/utils"[0m



Import traces:
  Client Component Browser:
    ./src/components/ui/sidebar.tsx [Client Component Browser]
    ./src/app/(panel)/layout.tsx [Client Component Browser]
    ./src/app/(panel)/layout.tsx [Server Component]

  Client Component SSR:
    ./src/components/ui/sidebar.tsx [Client Component SSR]
    ./src/app/(panel)/layout.tsx [Client Component SSR]
    ./src/app/(panel)/layout.tsx [Server Component]

https://nextjs.org/docs/messages/module-not-found


./src/components/ui/tabs.tsx:5:1
Module not found: Can't resolve 'radix-ui'
  [90m3 |[0m [36mimport[0m * [36mas[0m [33mReact[0m [36mfrom[0m [32m"react"[0m
  [90m4 |[0m [36mimport[0m { cva, [36mtype[0m [33mVariantProps[0m } [36mfrom[0m [32m"class-variance-authority"[0m
[31m[1m>[0m [90m5 |[0m [36mimport[0m { [33mTabs[0m [36mas[0m [33mTabsPrimitive[0m } [36mfrom[0m [32m"radix-ui"[0m
  [90m  |[0m [31m[1m^^^^^^^^^^^^^^^^^^^^^^^^^^^^^^^^^^^^^^^^^^^^^^^^[0m
  [90m6 |[0m
  [90m7 |[0m [36mimport[0m { cn } [36mfrom[0m [32m"@/lib/utils"[0m
  [90m8 |[0m



Import trace:
  Server Component:
    ./src/components/ui/tabs.tsx
    ./src/app/(panel)/reviewer/page.tsx

https://nextjs.org/docs/messages/module-not-found


./src/components/ui/tooltip.tsx:4:1
Module not found: Can't resolve 'radix-ui'
  [90m2 |[0m
  [90m3 |[0m [36mimport[0m * [36mas[0m [33mReact[0m [36mfrom[0m [32m"react"[0m
[31m[1m>[0m [90m4 |[0m [36mimport[0m { [33mTooltip[0m [36mas[0m [33mTooltipPrimitive[0m } [36mfrom[0m [32m"radix-ui"[0m
  [90m  |[0m [31m[1m^^^^^^^^^^^^^^^^^^^^^^^^^^^^^^^^^^^^^^^^^^^^^^^^^^^^^^[0m
  [90m5 |[0m
  [90m6 |[0m [36mimport[0m { cn } [36mfrom[0m [32m"@/lib/utils"[0m
  [90m7 |[0m



Import trace:
  Server Component:
    ./src/components/ui/tooltip.tsx
    ./src/app/layout.tsx

https://nextjs.org/docs/messages/module-not-found


    at <unknown> (./src/components/ui/alert-dialog.tsx:4:1)
    at <unknown> (https://nextjs.org/docs/messages/module-not-found)
    at <unknown> (./src/components/ui/avatar.tsx:4:1)
    at <unknown> (https://nextjs.org/docs/messages/module-not-found)
    at <unknown> (./src/components/ui/badge.tsx:3:1)
    at <unknown> (https://nextjs.org/docs/messages/module-not-found)
    at <unknown> (./src/components/ui/button.tsx:3:1)
    at <unknown> (https://nextjs.org/docs/messages/module-not-found)
    at <unknown> (./src/components/ui/dialog.tsx:5:1)
    at <unknown> (https://nextjs.org/docs/messages/module-not-found)
    at <unknown> (./src/components/ui/dropdown-menu.tsx:5:1)
    at <unknown> (https://nextjs.org/docs/messages/module-not-found)
    at <unknown> (./src/components/ui/form.tsx:5:1)
    at <unknown> (https://nextjs.org/docs/messages/module-not-found)
    at <unknown> (./src/components/ui/label.tsx:4:1)
    at <unknown> (https://nextjs.org/docs/messages/module-not-found)
    at <unknown> (./src/components/ui/scroll-area.tsx:4:1)
    at <unknown> (https://nextjs.org/docs/messages/module-not-found)
    at <unknown> (./src/components/ui/select.tsx:5:1)
    at <unknown> (https://nextjs.org/docs/messages/module-not-found)
    at <unknown> (./src/components/ui/separator.tsx:4:1)
    at <unknown> (https://nextjs.org/docs/messages/module-not-found)
    at <unknown> (./src/components/ui/sheet.tsx:5:1)
    at <unknown> (https://nextjs.org/docs/messages/module-not-found)
    at <unknown> (./src/components/ui/sidebar.tsx:6:1)
    at <unknown> (https://nextjs.org/docs/messages/module-not-found)
    at <unknown> (./src/components/ui/tabs.tsx:5:1)
    at <unknown> (https://nextjs.org/docs/messages/module-not-found)
    at <unknown> (./src/components/ui/tooltip.tsx:4:1)
    at <unknown> (https://nextjs.org/docs/messages/module-not-found)
 ELIFECYCLE  Command failed with exit code 1.
